/mnt/d/_pages/boneyard-special-holstex-sheet-carbon-fiber-black-125-11in-115in-pack-p-18139.html
/mnt/d/_pages/fo3-p-14173.html
/mnt/d/_pages/g10-sheet-brickblack-125-p-17072.html
/mnt/d/_pages/g10-sheet-odcoyoteblack-187-p-17086.html
/mnt/d/_pages/g10-sheet-odcoyoteblack-250-p-17108.html
/mnt/d/_pages/g10-sheet-red-187-p-17078.html
/mnt/d/_pages/hcp-p-13571.html
/mnt/d/_pages/holstex-diy-thermoform-sheet-basket-weavesmooth-london-tan-080-1ft-2ft-p-16230.html
/mnt/d/_pages/hybridwood-knife-handle-block-stabilized-burl-0720-p-18554.html
/mnt/d/_pages/kydex-sheet-creations-the-mountain-viper-infused-purple-haze-080-p-15210.html
/mnt/d/_pages/lhcl-p-5715.html
/mnt/d/_pages/lhcset-p-5721.html
/mnt/d/_pages/lhs-p-5719.html
/mnt/d/_pages/mexican-cocobolo-block-natural-125-block-052113-p-18066.html
/mnt/d/_pages/misc-adjustments-p-9330.html
/mnt/d/_pages/misc-adjustments-p-9331.html
/mnt/d/_pages/rhcl-p-5718.html
/mnt/d/_pages/rhcset-p-5722.html
/mnt/d/_pages/rhs-p-5716.html
/mnt/d/_pages/wing-p-12302.html
